// Vitest Snapshot v1, https://vitest.dev/guide/snapshot.html

exports[`section meta render > formatMinutes renders human-readable time for every section 1`] = `
{
  "b01-management": "40 min",
  "b02-key-users": "35 min",
  "b03-orientation": "30 min",
  "m01-foundations": "55 min",
  "m02-hana-readiness": "55 min",
  "m03-language": "50 min",
  "m04-abap-cloud": "1 hr 5 min",
  "m05-released-apis": "50 min",
  "m06-cds-amdp": "1 hr",
  "m07-performance": "55 min",
  "m08-atc-migration": "1 hr",
  "m09-tools": "55 min",
  "m10-gotchas": "55 min",
  "m11-did-you-know": "40 min",
  "m12-recipes": "55 min",
  "m13-capstones": "1 hr",
}
`;
